-- The C compiler identification is GNU 13.3.0
-- The CXX compiler identification is GNU 13.3.0
-- The CUDA compiler identification is NVIDIA 13.2.51 with host compiler GNU 13.3.0
-- Detecting C compiler ABI info
-- Detecting C compiler ABI info - done
-- Check for working C compiler: /usr/bin/cc - skipped
-- Detecting C compile features
-- Detecting C compile features - done
-- Detecting CXX compiler ABI info
-- Detecting CXX compiler ABI info - done
-- Check for working CXX compiler: /usr/bin/c++ - skipped
-- Detecting CXX compile features
-- Detecting CXX compile features - done
-- Detecting CUDA compiler ABI info
-- Detecting CUDA compiler ABI info - done
-- Check for working CUDA compiler: /usr/local/cuda/bin/nvcc - skipped
-- Detecting CUDA compile features
-- Detecting CUDA compile features - done
CMake Deprecation Warning at common/gdt/CMakeLists.txt:22 (cmake_minimum_required):
  Compatibility with CMake < 3.10 will be removed from a future version of
  CMake.

  Update the VERSION argument <min> value.  Or, use the <min>...<max> syntax
  to tell CMake that the project requires at least <min> but has been updated
  to work with policies introduced by <max> or earlier.


looking in 3rdParty
CMake Error at /snap/cmake/1530/share/cmake-4.3/Modules/FindPackageHandleStandardArgs.cmake:290 (message):
  Could NOT find OptiX (missing: OptiX_ROOT_DIR)
Call Stack (most recent call first):
  /snap/cmake/1530/share/cmake-4.3/Modules/FindPackageHandleStandardArgs.cmake:654 (_FPHSA_FAILURE_MESSAGE)
  common/gdt/cmake/FindOptiX.cmake:51 (find_package_handle_standard_args)
  common/gdt/CMakeLists.txt:26 (find_package)


-- Configuring incomplete, errors occurred!
